Available Operations: insert append eraseAt erase replace load save help exit 
Text Buffer: 
Unknown operation code!

Text Buffer: 
