Available Operations: insert append eraseAt erase replace load save help exit 
Text Buffer: 
Arguments to redo are ignored!

Nothing to redo

Text Buffer: 
