Available Operations: insert append eraseAt erase replace load save help exit 
Text Buffer: 
Arguments to undo are ignored!

Nothing to undo

Text Buffer: 
