Available Operations: insert append eraseAt erase replace load save help exit 
Text Buffer: 
Text Buffer: I love you
Text Buffer: 
Text Buffer: baby
Nothing to redo

Text Buffer: baby
