Available Operations: insert append eraseAt erase replace load save help exit 
Text Buffer: 
Text Buffer: I love you
Text Buffer: I do love you
Text Buffer: I love you
