Available Operations: insert append eraseAt erase replace load save help exit 
Text Buffer: 
Text Buffer: I love you
Nothing to undo

Text Buffer: I love you
